// Jest Snapshot v1, https://goo.gl/fbAQLP

exports[`renders correctly 1`] = `
<RCTSafeAreaView
  emulateUnlessSupported={true}
  style={
    Object {
      "backgroundColor": "black",
      "flex": 1,
    }
  }
>
  <Modal
    animationType="none"
    hardwareAccelerated={false}
    onRequestClose={[Function]}
    statusBarTranslucent={true}
    supportedOrientations={
      Array [
        "landscape",
        "portrait",
      ]
    }
    transparent={true}
    visible={false}
  >
    <View
      style={
        Array [
          Object {
            "backgroundColor": "transparent",
            "bottom": 0,
            "flex": 1,
            "left": 0,
            "position": "absolute",
            "right": 0,
            "top": 0,
          },
          Object {
            "backgroundColor": "rgba(0, 0, 0, 0.25)",
          },
        ]
      }
    >
      <View
        style={
          Object {
            "alignItems": "center",
            "bottom": 0,
            "justifyContent": "center",
            "left": 0,
            "position": "absolute",
            "right": 0,
            "top": 0,
          }
        }
      >
        <ActivityIndicator
          animating={true}
          color="white"
          hidesWhenStopped={true}
          size="large"
          style={
            Array [
              Object {
                "flex": 1,
              },
              Object {},
            ]
          }
        />
        <View
          style={
            Array [
              Object {
                "alignItems": "center",
                "bottom": 0,
                "flex": 1,
                "justifyContent": "center",
                "left": 0,
                "position": "absolute",
                "right": 0,
                "top": 0,
              },
              Object {},
            ]
          }
        >
          <Text
            style={
              Array [
                Object {
                  "fontSize": 20,
                  "fontWeight": "bold",
                  "height": 50,
                  "top": 80,
                },
                Object {
                  "color": "#FFF",
                },
              ]
            }
          >
            Loading...
          </Text>
        </View>
      </View>
    </View>
  </Modal>
  <View
    style={
      Object {
        "alignItems": "center",
        "textAlign": "center",
      }
    }
  >
    <Text
      style={
        Object {
          "color": "#D4AF37",
          "fontSize": 24,
          "fontWeight": "bold",
          "padding": 10,
          "textAlign": "center",
        }
      }
    >
      iArtist
    </Text>
    <Text
      style={
        Object {
          "color": "#fff",
          "fontSize": 20,
          "fontWeight": "bold",
          "marginBottom": 10,
          "padding": 10,
          "textAlign": "center",
        }
      }
    >
      Find the records of your favorite Artist!
    </Text>
  </View>
  <View
    style={
      Object {
        "alignItems": "center",
        "alignSelf": "center",
        "flexDirection": "row",
      }
    }
  >
    <TextInput
      allowFontScaling={true}
      onChangeText={[Function]}
      placeholder="Type Music Artist Name"
      placeholderTextColor="#fff"
      rejectResponderTermination={true}
      style={
        Object {
          "backgroundColor": "black",
          "borderColor": "#fff",
          "borderRadius": 10,
          "borderWidth": 2,
          "color": "#fff",
          "fontSize": 16,
          "fontWeight": "bold",
          "marginRight": 10,
          "padding": 10,
          "width": 210,
        }
      }
      testID="textInput"
      underlineColorAndroid="transparent"
      value=""
    />
    <View
      accessible={true}
      focusable={true}
      onClick={[Function]}
      onResponderGrant={[Function]}
      onResponderMove={[Function]}
      onResponderRelease={[Function]}
      onResponderTerminate={[Function]}
      onResponderTerminationRequest={[Function]}
      onStartShouldSetResponder={[Function]}
      style={
        Object {
          "alignItems": "center",
          "backgroundColor": "black",
          "borderColor": "#fff",
          "borderRadius": 10,
          "borderWidth": 2,
          "opacity": 1,
          "padding": 10,
          "width": 140,
        }
      }
      testID="button"
    >
      <Text
        style={
          Object {
            "color": "#fff",
            "fontSize": 16,
            "fontWeight": "bold",
          }
        }
      >
        Show Records
      </Text>
    </View>
  </View>
  <RCTScrollView>
    <View>
      <View>
        <Text>
          Artist Name: 
          
        </Text>
      </View>
    </View>
  </RCTScrollView>
</RCTSafeAreaView>
`;
